stm32l4xx_it.c:72:6:NMI_Handler	4	static
stm32l4xx_it.c:87:6:HardFault_Handler	4	static
stm32l4xx_it.c:102:6:MemManage_Handler	4	static
stm32l4xx_it.c:117:6:BusFault_Handler	4	static
stm32l4xx_it.c:132:6:UsageFault_Handler	4	static
stm32l4xx_it.c:147:6:SVC_Handler	4	static
stm32l4xx_it.c:160:6:DebugMon_Handler	4	static
stm32l4xx_it.c:173:6:PendSV_Handler	4	static
stm32l4xx_it.c:186:6:SysTick_Handler	8	static
stm32l4xx_it.c:211:6:TIM1_BRK_TIM15_IRQHandler	8	static
stm32l4xx_it.c:225:6:TIM1_UP_TIM16_IRQHandler	8	static
stm32l4xx_it.c:240:6:TIM1_TRG_COM_IRQHandler	8	static
stm32l4xx_it.c:254:6:TIM1_CC_IRQHandler	8	static
